// Jest Snapshot v1, https://goo.gl/fbAQLP

exports[`<BookingTable /> component @renders should render BookingTable 1`] = `
<table
  className="table"
>
  <thead>
    <tr>
      <th>
        Name
      </th>
      <th>
        Time
      </th>
      <th>
        Covers
      </th>
      <th>
        Seated
      </th>
    </tr>
  </thead>
  <tbody>
    <tr
      className=""
      onClick={[Function]}
    >
      <td>
        Mr Fred Bloggs
      </td>
      <td>
        16.00
      </td>
      <td>
        2
      </td>
      <td>
        Y
      </td>
    </tr>
    <tr
      className="cancelled"
      onClick={[Function]}
    >
      <td>
        Mr John Smith
      </td>
      <td>
        18.45
      </td>
      <td>
        1
      </td>
      <td>
        N
      </td>
    </tr>
  </tbody>
</table>
`;
